=== IOR multi-node run: 20260827-135400 ===
Nodes: 4, tasks: 16
Target: /scratch/c1/cgaylord/benchmark-poc
--- Task placement check (should show all 4 distinct nodes) ---
      4 cpu008
      4 cpu009
      4 cpu010
      4 cpu011
--- File-per-process, transfer size 1m ---
IOR-4.0.0: MPI Coordinated Test of Parallel I/O
Began               : Thu Aug 27 13:54:02 2026
Command line        : ior -a POSIX -w -r -b 2g -t 1m -o /scratch/c1/cgaylord/benchmark-poc/ior_test_fpp -F -i 1 -e
Machine             : Linux cpu008
TestID              : 0
StartTime           : Thu Aug 27 13:54:02 2026
Path                : /scratch/c1/cgaylord/benchmark-poc/ior_test_fpp.00000000
FS                  : 2041.4 TiB   Used FS: 78.1%   Inodes: 4482.3 Mi   Used Inodes: 12.5%

Options: 
api                 : POSIX
apiVersion          : 
test filename       : /scratch/c1/cgaylord/benchmark-poc/ior_test_fpp
access              : file-per-process
type                : independent
segments            : 1
ordering in a file  : sequential
ordering inter file : no tasks offsets
nodes               : 4
tasks               : 16
clients per node    : 4
repetitions         : 1
xfersize            : 1 MiB
blocksize           : 2 GiB
aggregate filesize  : 32 GiB

Results: 

access    bw(MiB/s)  IOPS       Latency(s)  block(KiB) xfer(KiB)  open(s)    wr/rd(s)   close(s)   total(s)   iter
------    ---------  ----       ----------  ---------- ---------  --------   --------   --------   --------   ----
write     1769.15    1769.29    0.007862    2097152    1024.00    0.542745   18.52      3.53       18.52      0   
read      3849       3849       0.003918    2097152    1024.00    0.000098   8.51       0.563527   8.51       0   

Summary of all tests:
Operation   Max(MiB)   Min(MiB)  Mean(MiB)     StdDev   Max(OPs)   Min(OPs)  Mean(OPs)     StdDev    Mean(s) Stonewall(s) Stonewall(MiB) Test# #Tasks tPN reps fPP reord reordoff reordrand seed segcnt   blksiz    xsize aggs(MiB)   API RefNum
write        1769.15    1769.15    1769.15       0.00    1769.15    1769.15    1769.15       0.00   18.52184         NA            NA     0     16   4    1   1     0        1         0    0      1 2147483648  1048576   32768.0 POSIX      0
read         3848.56    3848.56    3848.56       0.00    3848.56    3848.56    3848.56       0.00    8.51435         NA            NA     0     16   4    1   1     0        1         0    0      1 2147483648  1048576   32768.0 POSIX      0
Finished            : Thu Aug 27 13:54:30 2026
--- Shared file, transfer size 1m ---
IOR-4.0.0: MPI Coordinated Test of Parallel I/O
Began               : Thu Aug 27 13:54:32 2026
Command line        : ior -a POSIX -w -r -b 2g -t 1m -o /scratch/c1/cgaylord/benchmark-poc/ior_test_shared -i 1 -e
Machine             : Linux cpu008
TestID              : 0
StartTime           : Thu Aug 27 13:54:32 2026
Path                : /scratch/c1/cgaylord/benchmark-poc/ior_test_shared
FS                  : 2041.4 TiB   Used FS: 78.1%   Inodes: 4482.3 Mi   Used Inodes: 12.5%

Options: 
api                 : POSIX
apiVersion          : 
test filename       : /scratch/c1/cgaylord/benchmark-poc/ior_test_shared
access              : single-shared-file
type                : independent
segments            : 1
ordering in a file  : sequential
ordering inter file : no tasks offsets
nodes               : 4
tasks               : 16
clients per node    : 4
repetitions         : 1
xfersize            : 1 MiB
blocksize           : 2 GiB
aggregate filesize  : 32 GiB

Results: 

access    bw(MiB/s)  IOPS       Latency(s)  block(KiB) xfer(KiB)  open(s)    wr/rd(s)   close(s)   total(s)   iter
------    ---------  ----       ----------  ---------- ---------  --------   --------   --------   --------   ----
write     2594.11    2594.48    0.006167    2097152    1024.00    0.068349   12.63      0.003097   12.63      0   
read      4500       4518       0.002922    2097152    1024.00    0.000365   7.25       1.30       7.28       0   

Summary of all tests:
Operation   Max(MiB)   Min(MiB)  Mean(MiB)     StdDev   Max(OPs)   Min(OPs)  Mean(OPs)     StdDev    Mean(s) Stonewall(s) Stonewall(MiB) Test# #Tasks tPN reps fPP reord reordoff reordrand seed segcnt   blksiz    xsize aggs(MiB)   API RefNum
write        2594.11    2594.11    2594.11       0.00    2594.11    2594.11    2594.11       0.00   12.63168         NA            NA     0     16   4    1   0     0        1         0    0      1 2147483648  1048576   32768.0 POSIX      0
read         4499.86    4499.86    4499.86       0.00    4499.86    4499.86    4499.86       0.00    7.28200         NA            NA     0     16   4    1   0     0        1         0    0      1 2147483648  1048576   32768.0 POSIX      0
Finished            : Thu Aug 27 13:54:52 2026
Done. Output: ior_multi_node_20260827-135400.txt
