=== IOR multi-node (1 task/node) run: 20260827-135400 ===
Nodes: 4, tasks: 4
Target: /scratch/c1/cgaylord/benchmark-poc
--- Task placement check (should show all 4 distinct nodes) ---
      1 cpu008
      1 cpu009
      1 cpu010
      1 cpu011
--- File-per-process, transfer size 1m, 1 task/node ---
IOR-4.0.0: MPI Coordinated Test of Parallel I/O
Began               : Thu Aug 27 13:54:01 2026
Command line        : ior -a POSIX -w -r -b 4g -t 1m -o /scratch/c1/cgaylord/benchmark-poc/ior_test_1ppn -F -i 1 -e
Machine             : Linux cpu008
TestID              : 0
StartTime           : Thu Aug 27 13:54:01 2026
Path                : /scratch/c1/cgaylord/benchmark-poc/ior_test_1ppn.00000000
FS                  : 2041.4 TiB   Used FS: 78.1%   Inodes: 4482.3 Mi   Used Inodes: 12.5%

Options: 
api                 : POSIX
apiVersion          : 
test filename       : /scratch/c1/cgaylord/benchmark-poc/ior_test_1ppn
access              : file-per-process
type                : independent
segments            : 1
ordering in a file  : sequential
ordering inter file : no tasks offsets
nodes               : 4
tasks               : 4
clients per node    : 1
repetitions         : 1
xfersize            : 1 MiB
blocksize           : 4 GiB
aggregate filesize  : 16 GiB

Results: 

access    bw(MiB/s)  IOPS       Latency(s)  block(KiB) xfer(KiB)  open(s)    wr/rd(s)   close(s)   total(s)   iter
------    ---------  ----       ----------  ---------- ---------  --------   --------   --------   --------   ----
write     860.90     861.08     0.004617    4194304    1024.00    0.003836   19.03      0.114331   19.03      0   
read      1580.32    1580.33    0.002427    4194304    1024.00    0.000076   10.37      0.425903   10.37      0   

Summary of all tests:
Operation   Max(MiB)   Min(MiB)  Mean(MiB)     StdDev   Max(OPs)   Min(OPs)  Mean(OPs)     StdDev    Mean(s) Stonewall(s) Stonewall(MiB) Test# #Tasks tPN reps fPP reord reordoff reordrand seed segcnt   blksiz    xsize aggs(MiB)   API RefNum
write         860.90     860.90     860.90       0.00     860.90     860.90     860.90       0.00   19.03120         NA            NA     0      4   1    1   1     0        1         0    0      1 4294967296  1048576   16384.0 POSIX      0
read         1580.32    1580.32    1580.32       0.00    1580.32    1580.32    1580.32       0.00   10.36751         NA            NA     0      4   1    1   1     0        1         0    0      1 4294967296  1048576   16384.0 POSIX      0
Finished            : Thu Aug 27 13:54:31 2026
Done. Output: ior_multi_node_1ppn_20260827-135400.txt
