=== IOR single-node run: 20260827-121557 ===
Target: /scratch/c1/cgaylord/benchmark-poc
--- Block size 1m, transfer size 1m ---
IOR-4.0.0: MPI Coordinated Test of Parallel I/O
Began               : Thu Aug 27 12:15:58 2026
Command line        : ior -a POSIX -w -r -b 4g -t 1m -o /scratch/c1/cgaylord/benchmark-poc/ior_test_1m -F -i 1 -e
Machine             : Linux cpu072
TestID              : 0
StartTime           : Thu Aug 27 12:15:58 2026
Path                : /scratch/c1/cgaylord/benchmark-poc/ior_test_1m.00000000
FS                  : 2041.4 TiB   Used FS: 78.1%   Inodes: 4482.3 Mi   Used Inodes: 12.5%

Options: 
api                 : POSIX
apiVersion          : 
test filename       : /scratch/c1/cgaylord/benchmark-poc/ior_test_1m
access              : file-per-process
type                : independent
segments            : 1
ordering in a file  : sequential
ordering inter file : no tasks offsets
nodes               : 1
tasks               : 4
clients per node    : 4
repetitions         : 1
xfersize            : 1 MiB
blocksize           : 4 GiB
aggregate filesize  : 16 GiB

Results: 

access    bw(MiB/s)  IOPS       Latency(s)  block(KiB) xfer(KiB)  open(s)    wr/rd(s)   close(s)   total(s)   iter
------    ---------  ----       ----------  ---------- ---------  --------   --------   --------   --------   ----
write     1175.72    1176.01    0.003376    4194304    1024.00    0.008134   13.93      0.101024   13.94      0   
read      1167.28    1167.30    0.003427    4194304    1024.00    0.000095   14.04      0.093082   14.04      0   

Summary of all tests:
Operation   Max(MiB)   Min(MiB)  Mean(MiB)     StdDev   Max(OPs)   Min(OPs)  Mean(OPs)     StdDev    Mean(s) Stonewall(s) Stonewall(MiB) Test# #Tasks tPN reps fPP reord reordoff reordrand seed segcnt   blksiz    xsize aggs(MiB)   API RefNum
write        1175.72    1175.72    1175.72       0.00    1175.72    1175.72    1175.72       0.00   13.93533         NA            NA     0      4   4    1   1     0        1         0    0      1 4294967296  1048576   16384.0 POSIX      0
read         1167.28    1167.28    1167.28       0.00    1167.28    1167.28    1167.28       0.00   14.03604         NA            NA     0      4   4    1   1     0        1         0    0      1 4294967296  1048576   16384.0 POSIX      0
Finished            : Thu Aug 27 12:16:26 2026
--- Block size 1m, transfer size 4m ---
IOR-4.0.0: MPI Coordinated Test of Parallel I/O
Began               : Thu Aug 27 12:16:26 2026
Command line        : ior -a POSIX -w -r -b 4g -t 4m -o /scratch/c1/cgaylord/benchmark-poc/ior_test_4m -F -i 1 -e
Machine             : Linux cpu072
TestID              : 0
StartTime           : Thu Aug 27 12:16:26 2026
Path                : /scratch/c1/cgaylord/benchmark-poc/ior_test_4m.00000000
FS                  : 2041.4 TiB   Used FS: 78.1%   Inodes: 4482.3 Mi   Used Inodes: 12.5%

Options: 
api                 : POSIX
apiVersion          : 
test filename       : /scratch/c1/cgaylord/benchmark-poc/ior_test_4m
access              : file-per-process
type                : independent
segments            : 1
ordering in a file  : sequential
ordering inter file : no tasks offsets
nodes               : 1
tasks               : 4
clients per node    : 4
repetitions         : 1
xfersize            : 4 MiB
blocksize           : 4 GiB
aggregate filesize  : 16 GiB

Results: 

access    bw(MiB/s)  IOPS       Latency(s)  block(KiB) xfer(KiB)  open(s)    wr/rd(s)   close(s)   total(s)   iter
------    ---------  ----       ----------  ---------- ---------  --------   --------   --------   --------   ----
write     1171.95    293.00     0.013614    4194304    4096       0.001717   13.98      2.76       13.98      0   
read      1176.89    294.23     0.013576    4194304    4096       0.000099   13.92      0.088767   13.92      0   

Summary of all tests:
Operation   Max(MiB)   Min(MiB)  Mean(MiB)     StdDev   Max(OPs)   Min(OPs)  Mean(OPs)     StdDev    Mean(s) Stonewall(s) Stonewall(MiB) Test# #Tasks tPN reps fPP reord reordoff reordrand seed segcnt   blksiz    xsize aggs(MiB)   API RefNum
write        1171.95    1171.95    1171.95       0.00     292.99     292.99     292.99       0.00   13.98017         NA            NA     0      4   4    1   1     0        1         0    0      1 4294967296  4194304   16384.0 POSIX      0
read         1176.89    1176.89    1176.89       0.00     294.22     294.22     294.22       0.00   13.92146         NA            NA     0      4   4    1   1     0        1         0    0      1 4294967296  4194304   16384.0 POSIX      0
Finished            : Thu Aug 27 12:16:55 2026
Done. Output: ior_single_node_20260827-121557.txt
